
> tusker-management@0.1.0 build D:\Github\Tusker-managment
> next build

Γû▓ Next.js 16.1.6 (Turbopack)
- Environments: .env
- Experiments (use with caution):
  ┬╖ optimizePackageImports

  Creating an optimized production build ...
Γ£ô Compiled successfully in 16.5s
  Running TypeScript ...
  Collecting page data using 7 workers ...
  Generating static pages using 7 workers (0/16) ...
  Generating static pages using 7 workers (4/16) 
  Generating static pages using 7 workers (8/16) 
  Generating static pages using 7 workers (12/16) 
Γ£ô Generating static pages using 7 workers (16/16) in 733.6ms
  Finalizing page optimization ...

Route (app)
Γöî Γùï /
Γö£ Γùï /_not-found
Γö£ ╞Æ /api/auth/[...all]
Γö£ ╞Æ /api/cron/auto-absence
Γö£ ╞Æ /api/cron/keep-warm
Γö£ ╞Æ /api/debug-latency
Γö£ ╞Æ /api/kanban/move
Γö£ ╞Æ /api/kanban/pin
Γö£ ╞Æ /api/verify
Γö£ ╞Æ /api/w/[workspaceId]/p/[slug]/subtasks
Γö£ ╞Æ /api/w/[workspaceId]/p/[slug]/tasks
Γö£ Γùï /create-workspace
Γö£ Γùï /not-admin
Γö£ ╞Æ /sign-in
Γö£ ╞Æ /sign-up
Γö£ Γùï /verify-email
Γö£ Γùï /verify-request
Γö£ ╞Æ /w
Γö£ ╞Æ /w/[workspaceId]
Γö£ ╞Æ /w/[workspaceId]/info
Γö£ ╞Æ /w/[workspaceId]/p/[slug]
Γö£ ╞Æ /w/[workspaceId]/reports
Γö£ ╞Æ /w/[workspaceId]/settings
Γö£ ╞Æ /w/[workspaceId]/tasks
Γöö ╞Æ /w/[workspaceId]/team


╞Æ Proxy (Middleware)

Γùï  (Static)   prerendered as static content
╞Æ  (Dynamic)  server-rendered on demand

