src/app/w/[workspaceId]/p/[slug]/_components/shared/subtaskSheet/subtask-details-sheet.tsx(260,41): error TS2719: Type 'ReviewComment[]' is not assignable to type 'ReviewComment[]'. Two different types with this name exist, but they are unrelated.
  Type 'ReviewComment' is not assignable to type 'ReviewComment'. Two different types with this name exist, but they are unrelated.
    Types of property 'author' are incompatible.
      Type '{ id: string; user: { name: string; surname: string; image: string; }; }' is missing the following properties from type '{ id: string; name: string; surname: string; image: string; }': name, surname, image
