
> tusker-management@0.1.0 test D:\Github\Tusker-managment
> vitest "run" "src/actions/team/__tests__/team-actions.test.ts"


[1m[46m RUN [49m[22m [36mv4.0.15 [39m[90mD:/Github/Tusker-managment[39m

[90mstdout[2m | src/actions/team/__tests__/team-actions.test.ts[2m > [22m[2mTeam Management Actions[2m > [22m[2minviteMemberAction[2m > [22m[2mshould succeed and broadcast event if all checks pass
[22m[39mBROADCAST CALLS: [
  [
    {
      workspaceId: [32m'846e17c7-d85f-4453-9ca0-0acc7bfce49c'[39m,
      type: [32m'INVITE'[39m,
      payload: [36m[Object][39m
    }
  ]
]

[90mstdout[2m | src/actions/team/__tests__/team-actions.test.ts[2m > [22m[2mTeam Management Actions[2m > [22m[2mdeleteMemberAction[2m > [22m[2mshould successfully delete a member
[22m[39mDELETE BROADCAST CALLS: [ [ { workspaceId: [32m'ws_123'[39m, type: [32m'DELETE'[39m, payload: [36m[Object][39m } ] ]

 [32m✓[39m src/actions/team/__tests__/team-actions.test.ts [2m([22m[2m5 tests[22m[2m)[22m[32m 18[2mms[22m[39m

[2m Test Files [22m [1m[32m1 passed[39m[22m[90m (1)[39m
[2m      Tests [22m [1m[32m5 passed[39m[22m[90m (5)[39m
[2m   Start at [22m 22:04:31
[2m   Duration [22m 1.54s[2m (transform 165ms, setup 48ms, import 1.23s, tests 18ms, environment 0ms)[22m

