src/actions/task/gantt/update-subtask-positions.ts(96,29): error TS2353: Object literal may only specify known properties, and 'position' does not exist in type '(Without<TaskUpdateInput, TaskUncheckedUpdateInput> & TaskUncheckedUpdateInput) | (Without<...> & TaskUpdateInput)'.
src/actions/task/kanban/get-kanban-board-data.ts(30,17): error TS2353: Object literal may only specify known properties, and 'page' does not exist in type 'GetTasksOptions'.
src/actions/task/kanban/load-more-subtasks.ts(27,13): error TS2353: Object literal may only specify known properties, and 'page' does not exist in type 'GetTasksOptions'.
src/actions/task/kanban/pin-subtask.ts(76,17): error TS2353: Object literal may only specify known properties, and 'isPinned' does not exist in type 'TaskSelect<DefaultArgs>'.
src/actions/task/kanban/pin-subtask.ts(95,21): error TS2551: Property 'parentTask' does not exist on type '{ path: string | null; id: string; name: string; workspaceId: string; createdAt: Date; updatedAt: Date; description: string | null; taskSlug: string; status: TaskStatus | null; ... 10 more ...; projectMemberId: string | null; }'. Did you mean 'parentTaskId'?
src/actions/task/kanban/pin-subtask.ts(103,21): error TS2339: Property 'isPinned' does not exist on type '{ path: string | null; id: string; name: string; workspaceId: string; createdAt: Date; updatedAt: Date; description: string | null; taskSlug: string; status: TaskStatus | null; ... 10 more ...; projectMemberId: string | null; }'.
src/actions/task/kanban/pin-subtask.ts(108,39): error TS2339: Property 'isPinned' does not exist on type '{ path: string | null; id: string; name: string; workspaceId: string; createdAt: Date; updatedAt: Date; description: string | null; taskSlug: string; status: TaskStatus | null; ... 10 more ...; projectMemberId: string | null; }'.
src/actions/task/kanban/pin-subtask.ts(109,39): error TS2339: Property 'pinnedAt' does not exist on type '{ path: string | null; id: string; name: string; workspaceId: string; createdAt: Date; updatedAt: Date; description: string | null; taskSlug: string; status: TaskStatus | null; ... 10 more ...; projectMemberId: string | null; }'.
src/actions/task/kanban/pin-subtask.ts(124,21): error TS2353: Object literal may only specify known properties, and 'isPinned' does not exist in type '(Without<TaskUpdateInput, TaskUncheckedUpdateInput> & TaskUncheckedUpdateInput) | (Without<...> & TaskUpdateInput)'.
src/actions/task/kanban/pin-subtask.ts(130,21): error TS2353: Object literal may only specify known properties, and 'isPinned' does not exist in type 'TaskSelect<DefaultArgs>'.
src/actions/task/kanban/pin-subtask.ts(155,42): error TS2339: Property 'isPinned' does not exist on type '{ path: string | null; id: string; name: string; workspaceId: string; createdAt: Date; updatedAt: Date; description: string | null; taskSlug: string; status: TaskStatus | null; ... 10 more ...; projectMemberId: string | null; }'.
src/actions/task/kanban/pin-subtask.ts(156,42): error TS2339: Property 'pinnedAt' does not exist on type '{ path: string | null; id: string; name: string; workspaceId: string; createdAt: Date; updatedAt: Date; description: string | null; taskSlug: string; status: TaskStatus | null; ... 10 more ...; projectMemberId: string | null; }'.
src/actions/task/kanban/update-subtask-status.ts(88,17): error TS2353: Object literal may only specify known properties, and 'isPinned' does not exist in type 'TaskSelect<DefaultArgs>'.
src/actions/task/kanban/update-subtask-status.ts(119,36): error TS2551: Property 'assignee' does not exist on type '{ path: string | null; id: string; name: string; workspaceId: string; createdAt: Date; updatedAt: Date; description: string | null; taskSlug: string; status: TaskStatus | null; ... 10 more ...; projectMemberId: string | null; }'. Did you mean 'assigneeTo'?
src/actions/task/list-actions.ts(27,13): error TS2353: Object literal may only specify known properties, and 'page' does not exist in type 'GetTasksOptions'.
src/actions/task/list-actions.ts(63,32): error TS2339: Property '_count' does not exist on type '{ path: string | null; id: string; name: string; workspaceId: string; createdAt: Date; updatedAt: Date; description: string | null; taskSlug: string; status: TaskStatus | null; ... 10 more ...; projectMemberId: string | null; }'.
src/actions/task/list-actions.ts(108,53): error TS2339: Property 'tag' does not exist on type 'GetTasksOptions'.
src/actions/task/list-actions.ts(110,32): error TS2339: Property 'startDate' does not exist on type 'GetTasksOptions'.
src/actions/task/list-actions.ts(111,33): error TS2339: Property 'endDate' does not exist on type 'GetTasksOptions'.
src/actions/task/list-actions.ts(115,93): error TS2345: Argument of type 'number' is not assignable to parameter of type 'TaskCursor'.
src/actions/task/list-actions.ts(169,53): error TS2339: Property 'tag' does not exist on type 'GetTasksOptions'.
src/actions/task/list-actions.ts(171,32): error TS2339: Property 'startDate' does not exist on type 'GetTasksOptions'.
src/actions/task/list-actions.ts(172,33): error TS2339: Property 'endDate' does not exist on type 'GetTasksOptions'.
src/actions/task/list-actions.ts(222,53): error TS2339: Property 'tag' does not exist on type 'GetTasksOptions'.
src/actions/task/list-actions.ts(224,32): error TS2339: Property 'startDate' does not exist on type 'GetTasksOptions'.
src/actions/task/list-actions.ts(225,33): error TS2339: Property 'endDate' does not exist on type 'GetTasksOptions'.
src/app/api/w/[workspaceId]/p/[slug]/subtasks/route.ts(29,13): error TS2345: Argument of type 'number' is not assignable to parameter of type 'TaskCursor'.
src/app/api/w/[workspaceId]/p/[slug]/tasks/route.ts(26,13): error TS2345: Argument of type 'number' is not assignable to parameter of type 'TaskCursor'.
src/app/w/[workspaceId]/p/[slug]/_components/gantt/project-gantt-view.tsx(21,9): error TS2353: Object literal may only specify known properties, and 'page' does not exist in type 'GetTasksOptions'.
src/app/w/[workspaceId]/p/[slug]/_components/kanban/project-kanban-view.tsx(22,13): error TS2353: Object literal may only specify known properties, and 'page' does not exist in type 'GetTasksOptions'.
src/app/w/[workspaceId]/p/[slug]/_components/list/project-task-list-view.tsx(34,9): error TS2353: Object literal may only specify known properties, and 'page' does not exist in type 'GetTasksOptions'.
src/app/w/[workspaceId]/p/[slug]/_components/list/project-task-list-view.tsx(39,25): error TS2352: Conversion of type '{ subTasks: undefined; id: string; name: string; workspaceId: string; createdAt: Date; updatedAt: Date; _count: { reviewComments: number; subTasks: number; }; description: string | null; ... 16 more ...; project: any; }[]' to type 'TaskWithSubTasks[]' may be a mistake because neither type sufficiently overlaps with the other. If this was intentional, convert the expression to 'unknown' first.
  Type '{ subTasks: undefined; id: string; name: string; workspaceId: string; createdAt: Date; updatedAt: Date; _count: { reviewComments: number; subTasks: number; }; description: string | null; ... 16 more ...; project: any; }' is not comparable to type 'TaskWithSubTasks'.
    Type '{ subTasks: undefined; id: string; name: string; workspaceId: string; createdAt: Date; updatedAt: Date; _count: { reviewComments: number; subTasks: number; }; description: string | null; ... 16 more ...; project: any; }' is missing the following properties from type 'WorkspaceTaskType': isPinned, pinnedAt, position, parentTask
src/app/w/[workspaceId]/p/[slug]/_components/shared/subtaskSheet/subtask-sheet-header.tsx(28,31): error TS2551: Property 'assignee' does not exist on type '{ path: string | null; id: string; name: string; workspaceId: string; createdAt: Date; updatedAt: Date; description: string | null; taskSlug: string; status: TaskStatus | null; ... 10 more ...; projectMemberId: string | null; }'. Did you mean 'assigneeTo'?
src/app/w/[workspaceId]/p/[slug]/_components/shared/subtaskSheet/subtask-sheet-header.tsx(28,82): error TS2551: Property 'assignee' does not exist on type '{ path: string | null; id: string; name: string; workspaceId: string; createdAt: Date; updatedAt: Date; description: string | null; taskSlug: string; status: TaskStatus | null; ... 10 more ...; projectMemberId: string | null; }'. Did you mean 'assigneeTo'?
src/app/w/[workspaceId]/p/[slug]/_components/shared/subtaskSheet/subtask-sheet-header.tsx(84,34): error TS2339: Property 'tag' does not exist on type '{ path: string | null; id: string; name: string; workspaceId: string; createdAt: Date; updatedAt: Date; description: string | null; taskSlug: string; status: TaskStatus | null; ... 10 more ...; projectMemberId: string | null; }'.
src/app/w/[workspaceId]/p/[slug]/_components/shared/subtaskSheet/subtask-sheet-header.tsx(86,49): error TS2339: Property 'tag' does not exist on type '{ path: string | null; id: string; name: string; workspaceId: string; createdAt: Date; updatedAt: Date; description: string | null; taskSlug: string; status: TaskStatus | null; ... 10 more ...; projectMemberId: string | null; }'.
src/app/w/[workspaceId]/p/[slug]/_components/shared/subtaskSheet/subtask-sheet-header.tsx(86,76): error TS2339: Property 'tag' does not exist on type '{ path: string | null; id: string; name: string; workspaceId: string; createdAt: Date; updatedAt: Date; description: string | null; taskSlug: string; status: TaskStatus | null; ... 10 more ...; projectMemberId: string | null; }'.
src/app/w/[workspaceId]/p/[slug]/_components/shared/subtaskSheet/subtask-sheet-header.tsx(86,90): error TS2339: Property 'tag' does not exist on type '{ path: string | null; id: string; name: string; workspaceId: string; createdAt: Date; updatedAt: Date; description: string | null; taskSlug: string; status: TaskStatus | null; ... 10 more ...; projectMemberId: string | null; }'.
src/app/w/[workspaceId]/tasks/_components/views/gantt/workspace-gantt-view.tsx(24,42): error TS2353: Object literal may only specify known properties, and 'page' does not exist in type 'GetTasksOptions'.
src/app/w/[workspaceId]/tasks/_components/views/kanban/workspace-kanban-view.tsx(26,13): error TS2353: Object literal may only specify known properties, and 'page' does not exist in type 'GetTasksOptions'.
src/app/w/[workspaceId]/tasks/_components/views/kanban/workspace-kanban-view.tsx(140,13): error TS2322: Type '{ TO_DO: { subTasks: any; totalCount: number | null; hasMore: boolean; currentPage: number; }; IN_PROGRESS: { subTasks: any; totalCount: number | null; hasMore: boolean; currentPage: number; }; CANCELLED: { subTasks: any; totalCount: number | null; hasMore: boolean; currentPage: number; }; REVIEW: { subTasks: any; t...' is not assignable to type 'Record<TaskStatus, { subTasks: { path: string | null; id: string; name: string; workspaceId: string; createdAt: Date; updatedAt: Date; description: string | null; taskSlug: string; ... 11 more ...; projectMemberId: string | null; }[]; totalCount: number; hasMore: boolean; currentPage: number; }>'.
  The types of 'TO_DO.totalCount' are incompatible between these types.
    Type 'number | null' is not assignable to type 'number'.
      Type 'null' is not assignable to type 'number'.
src/app/w/[workspaceId]/tasks/_components/views/list/workspace-list-view.tsx(29,13): error TS2353: Object literal may only specify known properties, and 'page' does not exist in type 'GetTasksOptions'.
src/app/w/[workspaceId]/tasks/_components/views/list/workspace-list-view.tsx(54,26): error TS2352: Conversion of type '{ subTasks: undefined; id: string; name: string; workspaceId: string; createdAt: Date; updatedAt: Date; _count: { reviewComments: number; subTasks: number; }; description: string | null; ... 16 more ...; project: any; }[]' to type 'TaskWithSubTasks[]' may be a mistake because neither type sufficiently overlaps with the other. If this was intentional, convert the expression to 'unknown' first.
  Type '{ subTasks: undefined; id: string; name: string; workspaceId: string; createdAt: Date; updatedAt: Date; _count: { reviewComments: number; subTasks: number; }; description: string | null; ... 16 more ...; project: any; }' is not comparable to type 'TaskWithSubTasks'.
    Type '{ subTasks: undefined; id: string; name: string; workspaceId: string; createdAt: Date; updatedAt: Date; _count: { reviewComments: number; subTasks: number; }; description: string | null; ... 16 more ...; project: any; }' is missing the following properties from type 'WorkspaceTaskType': isPinned, pinnedAt, position, parentTask
src/app/w/[workspaceId]/tasks/_components/views/list/workspace-list-view.tsx(63,13): error TS2322: Type 'number | null' is not assignable to type 'number | undefined'.
  Type 'null' is not assignable to type 'number | undefined'.
src/components/task/kanban/kanban-board.tsx(307,25): error TS2322: Type 'number | null' is not assignable to type 'number | undefined'.
  Type 'null' is not assignable to type 'number | undefined'.
src/components/task/kanban/kanban-board.tsx(572,40): error TS2551: Property 'parentTask' does not exist on type '{ path: string | null; id: string; name: string; workspaceId: string; createdAt: Date; updatedAt: Date; description: string | null; taskSlug: string; status: TaskStatus | null; ... 10 more ...; projectMemberId: string | null; }'. Did you mean 'parentTaskId'?
src/components/task/kanban/kanban-board.tsx(573,38): error TS2551: Property 'parentTask' does not exist on type '{ path: string | null; id: string; name: string; workspaceId: string; createdAt: Date; updatedAt: Date; description: string | null; taskSlug: string; status: TaskStatus | null; ... 10 more ...; projectMemberId: string | null; }'. Did you mean 'parentTaskId'?
src/components/task/kanban/kanban-board.tsx(574,32): error TS2551: Property 'parentTask' does not exist on type '{ path: string | null; id: string; name: string; workspaceId: string; createdAt: Date; updatedAt: Date; description: string | null; taskSlug: string; status: TaskStatus | null; ... 10 more ...; projectMemberId: string | null; }'. Did you mean 'parentTaskId'?
src/components/task/kanban/kanban-board.tsx(575,34): error TS2551: Property 'parentTask' does not exist on type '{ path: string | null; id: string; name: string; workspaceId: string; createdAt: Date; updatedAt: Date; description: string | null; taskSlug: string; status: TaskStatus | null; ... 10 more ...; projectMemberId: string | null; }'. Did you mean 'parentTaskId'?
src/components/task/kanban/kanban-board.tsx(576,38): error TS2551: Property 'parentTask' does not exist on type '{ path: string | null; id: string; name: string; workspaceId: string; createdAt: Date; updatedAt: Date; description: string | null; taskSlug: string; status: TaskStatus | null; ... 10 more ...; projectMemberId: string | null; }'. Did you mean 'parentTaskId'?
src/components/task/kanban/kanban-card.tsx(43,30): error TS2551: Property 'assignee' does not exist on type '{ path: string | null; id: string; name: string; workspaceId: string; createdAt: Date; updatedAt: Date; description: string | null; taskSlug: string; status: TaskStatus | null; ... 10 more ...; projectMemberId: string | null; }'. Did you mean 'assigneeTo'?
src/components/task/kanban/kanban-card.tsx(115,34): error TS2551: Property 'parentTask' does not exist on type '{ path: string | null; id: string; name: string; workspaceId: string; createdAt: Date; updatedAt: Date; description: string | null; taskSlug: string; status: TaskStatus | null; ... 10 more ...; projectMemberId: string | null; }'. Did you mean 'parentTaskId'?
src/components/task/kanban/kanban-card.tsx(120,69): error TS2551: Property 'parentTask' does not exist on type '{ path: string | null; id: string; name: string; workspaceId: string; createdAt: Date; updatedAt: Date; description: string | null; taskSlug: string; status: TaskStatus | null; ... 10 more ...; projectMemberId: string | null; }'. Did you mean 'parentTaskId'?
src/components/task/kanban/kanban-card.tsx(168,30): error TS2339: Property 'tag' does not exist on type '{ path: string | null; id: string; name: string; workspaceId: string; createdAt: Date; updatedAt: Date; description: string | null; taskSlug: string; status: TaskStatus | null; ... 10 more ...; projectMemberId: string | null; }'.
src/components/task/kanban/kanban-card.tsx(176,42): error TS2339: Property 'tag' does not exist on type '{ path: string | null; id: string; name: string; workspaceId: string; createdAt: Date; updatedAt: Date; description: string | null; taskSlug: string; status: TaskStatus | null; ... 10 more ...; projectMemberId: string | null; }'.
src/components/task/list/task-table.tsx(325,21): error TS2353: Object literal may only specify known properties, and 'startDate' does not exist in type 'GetTasksOptions'.
src/components/task/list/task-table.tsx(347,25): error TS2322: Type 'number | null' is not assignable to type 'number | undefined'.
  Type 'null' is not assignable to type 'number | undefined'.
src/components/task/list/task-table.tsx(613,47): error TS2339: Property 'subTasks' does not exist on type '{ tasks: any[]; totalCount: number | null; hasMore: boolean; nextCursor: TaskCursor | null; }'.
src/components/task/list/task-table.tsx(613,64): error TS7006: Parameter 'st' implicitly has an 'any' type.
src/components/task/list/task-table.tsx(613,68): error TS7006: Parameter 'index' implicitly has an 'any' type.
src/components/task/list/task-table.tsx(613,75): error TS7006: Parameter 'self' implicitly has an 'any' type.
src/components/task/list/task-table.tsx(614,47): error TS7006: Parameter 't' implicitly has an 'any' type.
src/components/task/list/task-table.tsx(723,51): error TS2339: Property 'subTasks' does not exist on type '{ tasks: any[]; totalCount: number | null; hasMore: boolean; nextCursor: TaskCursor | null; }'.
src/components/task/list/task-table.tsx(723,67): error TS7006: Parameter 'st' implicitly has an 'any' type.
src/data/task/gantt/get-all-tasks-flat.ts(155,17): error TS2353: Object literal may only specify known properties, and 'position' does not exist in type 'TaskSelect<DefaultArgs>'.
src/data/task/gantt/get-all-tasks-flat.ts(179,19): error TS2353: Object literal may only specify known properties, and 'position' does not exist in type 'TaskOrderByWithRelationInput'.
src/data/task/get-sorted-subtasks.ts(165,13): error TS2353: Object literal may only specify known properties, and 'position' does not exist in type 'TaskSelect<DefaultArgs>'.
src/data/task/get-task-by-id.ts(95,25): error TS2322: Type '{ where: { assignee: { id: string; }; }; select: { id: true; name: true; taskSlug: true; description: true; status: true; position: true; startDate: true; days: true; tag: { select: { id: true; name: true; }; }; assignee: { ...; }; _count: { ...; }; }; orderBy: { ...; }; }' is not assignable to type 'boolean | Task$subTasksArgs<DefaultArgs> | undefined'.
  Types of property 'select' are incompatible.
    Object literal may only specify known properties, and 'position' does not exist in type 'TaskSelect<DefaultArgs>'.
src/data/task/get-task-by-id.ts(182,37): error TS2551: Property 'assignee' does not exist on type '{ path: string | null; id: string; name: string; workspaceId: string; createdAt: Date; updatedAt: Date; description: string | null; taskSlug: string; status: TaskStatus | null; ... 10 more ...; projectMemberId: string | null; }'. Did you mean 'assigneeTo'?
src/data/task/get-task-by-id.ts(188,46): error TS2339: Property 'subTasks' does not exist on type '{ path: string | null; id: string; name: string; workspaceId: string; createdAt: Date; updatedAt: Date; description: string | null; taskSlug: string; status: TaskStatus | null; ... 10 more ...; projectMemberId: string | null; }'.
src/data/task/get-task-by-id.ts(188,63): error TS2339: Property 'subTasks' does not exist on type '{ path: string | null; id: string; name: string; workspaceId: string; createdAt: Date; updatedAt: Date; description: string | null; taskSlug: string; status: TaskStatus | null; ... 10 more ...; projectMemberId: string | null; }'.
src/data/task/get-tasks.ts(261,52): error TS2339: Property 'where' does not exist on type 'Subset<TaskCountArgs<DefaultArgs>, TaskCountArgs<DefaultArgs>> | undefined'.
src/data/task/kanban/get-subtasks-by-status.ts(133,17): error TS2353: Object literal may only specify known properties, and 'position' does not exist in type 'TaskSelect<DefaultArgs>'.
src/data/task/kanban/get-subtasks-by-status.ts(194,19): error TS2353: Object literal may only specify known properties, and 'position' does not exist in type 'TaskOrderByWithRelationInput'.
src/data/task/list/get-subtasks-batch.ts(123,17): error TS2353: Object literal may only specify known properties, and 'position' does not exist in type 'TaskSelect<DefaultArgs>'.
src/data/task/list/get-subtasks-batch.ts(164,19): error TS2353: Object literal may only specify known properties, and 'position' does not exist in type 'TaskOrderByWithRelationInput'.
src/data/task/list/get-subtasks-batch.ts(204,30): error TS2551: Property 'assignee' does not exist on type '{ path: string | null; id: string; name: string; workspaceId: string; createdAt: Date; updatedAt: Date; description: string | null; taskSlug: string; status: TaskStatus | null; ... 10 more ...; projectMemberId: string | null; }'. Did you mean 'assigneeTo'?
src/data/task/list/get-subtasks-batch.ts(204,50): error TS2551: Property 'assignee' does not exist on type '{ path: string | null; id: string; name: string; workspaceId: string; createdAt: Date; updatedAt: Date; description: string | null; taskSlug: string; status: TaskStatus | null; ... 10 more ...; projectMemberId: string | null; }'. Did you mean 'assigneeTo'?
src/data/workspace/get-workspace-task-creation-data.ts(110,47): error TS2345: Argument of type 'number' is not assignable to parameter of type 'TaskCursor'.
