src/actions/team/__tests__/team-actions.test.ts(2,36): error TS2307: Cannot find module '../invite-member' or its corresponding type declarations.
src/actions/team/__tests__/team-actions.test.ts(3,36): error TS2307: Cannot find module '../delete-member' or its corresponding type declarations.
src/actions/workspace/__tests__/workspace-actions.test.ts(2,33): error TS2307: Cannot find module '../create-workspace' or its corresponding type declarations.
src/actions/workspace/__tests__/workspace-actions.test.ts(3,33): error TS2307: Cannot find module '../delete-workspace' or its corresponding type declarations.
src/actions/workspace/__tests__/workspace-actions.test.ts(4,37): error TS2307: Cannot find module '../update-workspace-info' or its corresponding type declarations.
src/app/w/[workspaceId]/p/[slug]/_components/shared/subtaskSheet/subtask-sheet-header.tsx(133,34): error TS2551: Property 'tag' does not exist on type '{ id: string; taskSlug: string; projectId: string; description: string | null; status: TaskStatus | null; createdAt: Date; updatedAt: Date; days: number | null; ... 13 more ...; _count: { ...; }; }'. Did you mean 'tags'?
src/app/w/[workspaceId]/p/[slug]/_components/shared/subtaskSheet/subtask-sheet-header.tsx(135,49): error TS2551: Property 'tag' does not exist on type '{ id: string; taskSlug: string; projectId: string; description: string | null; status: TaskStatus | null; createdAt: Date; updatedAt: Date; days: number | null; ... 13 more ...; _count: { ...; }; }'. Did you mean 'tags'?
src/app/w/[workspaceId]/p/[slug]/_components/shared/subtaskSheet/subtask-sheet-header.tsx(135,76): error TS2551: Property 'tag' does not exist on type '{ id: string; taskSlug: string; projectId: string; description: string | null; status: TaskStatus | null; createdAt: Date; updatedAt: Date; days: number | null; ... 13 more ...; _count: { ...; }; }'. Did you mean 'tags'?
src/app/w/[workspaceId]/p/[slug]/_components/shared/subtaskSheet/subtask-sheet-header.tsx(135,90): error TS2551: Property 'tag' does not exist on type '{ id: string; taskSlug: string; projectId: string; description: string | null; status: TaskStatus | null; createdAt: Date; updatedAt: Date; days: number | null; ... 13 more ...; _count: { ...; }; }'. Did you mean 'tags'?
